// Jest Snapshot v1, https://goo.gl/fbAQLP

exports[`Header Component renders snapshots, too 1`] = `
<div
  className="header"
>
  <div
    className="header-content"
  >
    <img
      alt="logo"
      src="https://cdn.shopify.com/s/files/1/0003/1938/9747/files/Mercavus-Logo-White_1024x1024.png?v=1539856605"
    />
  </div>
</div>
`;
